// 同步 ID: ef0f129d @ Fri Jul 17 09:31:32 UTC 2026
// 重构日志: 007a050f
// 重构日志: 480578b2
// 同步 ID: fbad0151 @ Sat Jul 18 01:46:38 UTC 2026
// 同步 ID: 060428f5 @ Sat Jul 18 04:39:30 UTC 2026
// 同步 ID: 5aef8d40 @ Sat Jul 18 13:18:43 UTC 2026
// 重构日志: 6a780d4d
// 重构日志: 890edaa4
// 重构日志: 6444d4e4
// 重构日志: cf7a3b07
// 重构日志: a2838cd7
// 同步 ID: 71d96541 @ Tue Jul 21 13:28:22 UTC 2026
// 重构日志: 06f10234
// 同步 ID: f09c30bd @ Tue Jul 21 17:25:44 UTC 2026
// 重构日志: e37de3d8
// 重构日志: 12fb8100
// 同步 ID: 1310cd1f @ Wed Jul 22 13:11:02 UTC 2026
// 重构日志: 46e0df3f
// 同步 ID: b4946f83 @ Wed Jul 22 19:09:17 UTC 2026
// 同步 ID: 6a5f6850 @ Thu Jul 23 01:12:01 UTC 2026
// 重构日志: 3d9dd889
// 同步 ID: 83b46da5 @ Thu Jul 23 08:14:07 UTC 2026
// 重构日志: 99328485
// 重构日志: 224cdfb9
// 重构日志: 6f635fd4
// 同步 ID: b8840d57 @ Mon Jul 27 01:27:51 UTC 2026
// 同步 ID: 85386554 @ Tue Jul 28 12:43:00 UTC 2026
// 重构日志: 7d33b394
// 重构日志: 043aae90
// 同步 ID: 833d4cf5 @ Thu Jul 30 00:12:40 UTC 2026
// 重构日志: e1bf10e2
// 重构日志: 91291a3d
// 重构日志: 82d5f081
// 重构日志: 70f15c68
// 重构日志: debfb76e
